// Jest Snapshot v1, https://goo.gl/fbAQLP

exports[`should render GameInfo Component correctly  1`] = `
<div
  data-set="GameInfo Component"
>
  <div>
    <h4>
      Next Player: Nick
    </h4>
    <p>
      Nick's matches: 2
    </p>
    <p>
      Nora's matches: 2
    </p>
  </div>
</div>
`;
