// Jest Snapshot v1, https://goo.gl/fbAQLP

exports[`should render Winner Component correctly 1`] = `
<div
  className="winner"
>
  The winner is me
</div>
`;
